CRITICAL - 2025-10-14 03:28:32 --> CodeIgniter\View\Exceptions\ViewException: Invalid file: "Home/index.php"
[Method: GET, Route: /]
in SYSTEMPATH/Exceptions/FrameworkException.php on line 39.
 1 SYSTEMPATH/View/View.php(214): CodeIgniter\Exceptions\FrameworkException::forInvalidFile('Home/index.php')
 2 SYSTEMPATH/Common.php(1167): CodeIgniter\View\View->render('Home/index.php', [], true)
 3 APPPATH/Controllers/Home.php(9): view('Home/index.php')
 4 SYSTEMPATH/CodeIgniter.php(933): App\Controllers\Home->index()
 5 SYSTEMPATH/CodeIgniter.php(507): CodeIgniter\CodeIgniter->runController(Object(App\Controllers\Home))
 6 SYSTEMPATH/CodeIgniter.php(354): CodeIgniter\CodeIgniter->handleRequest(null, Object(Config\Cache), false)
 7 SYSTEMPATH/Boot.php(363): CodeIgniter\CodeIgniter->run()
 8 SYSTEMPATH/Boot.php(68): CodeIgniter\Boot::runCodeIgniter(Object(CodeIgniter\CodeIgniter))
 9 FCPATH/index.php(59): CodeIgniter\Boot::bootWeb(Object(Config\Paths))
CRITICAL - 2025-10-14 03:28:35 --> CodeIgniter\View\Exceptions\ViewException: Invalid file: "Home/index.php"
[Method: GET, Route: /]
in SYSTEMPATH/Exceptions/FrameworkException.php on line 39.
 1 SYSTEMPATH/View/View.php(214): CodeIgniter\Exceptions\FrameworkException::forInvalidFile('Home/index.php')
 2 SYSTEMPATH/Common.php(1167): CodeIgniter\View\View->render('Home/index.php', [], true)
 3 APPPATH/Controllers/Home.php(9): view('Home/index.php')
 4 SYSTEMPATH/CodeIgniter.php(933): App\Controllers\Home->index()
 5 SYSTEMPATH/CodeIgniter.php(507): CodeIgniter\CodeIgniter->runController(Object(App\Controllers\Home))
 6 SYSTEMPATH/CodeIgniter.php(354): CodeIgniter\CodeIgniter->handleRequest(null, Object(Config\Cache), false)
 7 SYSTEMPATH/Boot.php(363): CodeIgniter\CodeIgniter->run()
 8 SYSTEMPATH/Boot.php(68): CodeIgniter\Boot::runCodeIgniter(Object(CodeIgniter\CodeIgniter))
 9 FCPATH/index.php(59): CodeIgniter\Boot::bootWeb(Object(Config\Paths))
CRITICAL - 2025-10-14 03:30:51 --> CodeIgniter\View\Exceptions\ViewException: Invalid file: "Home/index.php"
[Method: GET, Route: /]
in SYSTEMPATH/Exceptions/FrameworkException.php on line 39.
 1 SYSTEMPATH/View/View.php(214): CodeIgniter\Exceptions\FrameworkException::forInvalidFile('Home/index.php')
 2 SYSTEMPATH/Common.php(1167): CodeIgniter\View\View->render('Home/index.php', [], true)
 3 APPPATH/Controllers/Home.php(9): view('Home/index.php')
 4 SYSTEMPATH/CodeIgniter.php(933): App\Controllers\Home->index()
 5 SYSTEMPATH/CodeIgniter.php(507): CodeIgniter\CodeIgniter->runController(Object(App\Controllers\Home))
 6 SYSTEMPATH/CodeIgniter.php(354): CodeIgniter\CodeIgniter->handleRequest(null, Object(Config\Cache), false)
 7 SYSTEMPATH/Boot.php(363): CodeIgniter\CodeIgniter->run()
 8 SYSTEMPATH/Boot.php(68): CodeIgniter\Boot::runCodeIgniter(Object(CodeIgniter\CodeIgniter))
 9 FCPATH/index.php(59): CodeIgniter\Boot::bootWeb(Object(Config\Paths))
CRITICAL - 2025-10-14 03:31:50 --> CodeIgniter\View\Exceptions\ViewException: Invalid file: "Home/index.php"
[Method: GET, Route: /]
in SYSTEMPATH/Exceptions/FrameworkException.php on line 39.
 1 SYSTEMPATH/View/View.php(214): CodeIgniter\Exceptions\FrameworkException::forInvalidFile('Home/index.php')
 2 SYSTEMPATH/Common.php(1167): CodeIgniter\View\View->render('Home/index.php', [], true)
 3 APPPATH/Controllers/Home.php(9): view('Home/index.php')
 4 SYSTEMPATH/CodeIgniter.php(933): App\Controllers\Home->index()
 5 SYSTEMPATH/CodeIgniter.php(507): CodeIgniter\CodeIgniter->runController(Object(App\Controllers\Home))
 6 SYSTEMPATH/CodeIgniter.php(354): CodeIgniter\CodeIgniter->handleRequest(null, Object(Config\Cache), false)
 7 SYSTEMPATH/Boot.php(363): CodeIgniter\CodeIgniter->run()
 8 SYSTEMPATH/Boot.php(68): CodeIgniter\Boot::runCodeIgniter(Object(CodeIgniter\CodeIgniter))
 9 FCPATH/index.php(59): CodeIgniter\Boot::bootWeb(Object(Config\Paths))
CRITICAL - 2025-10-14 03:31:51 --> CodeIgniter\View\Exceptions\ViewException: Invalid file: "Home/index.php"
[Method: GET, Route: /]
in SYSTEMPATH/Exceptions/FrameworkException.php on line 39.
 1 SYSTEMPATH/View/View.php(214): CodeIgniter\Exceptions\FrameworkException::forInvalidFile('Home/index.php')
 2 SYSTEMPATH/Common.php(1167): CodeIgniter\View\View->render('Home/index.php', [], true)
 3 APPPATH/Controllers/Home.php(9): view('Home/index.php')
 4 SYSTEMPATH/CodeIgniter.php(933): App\Controllers\Home->index()
 5 SYSTEMPATH/CodeIgniter.php(507): CodeIgniter\CodeIgniter->runController(Object(App\Controllers\Home))
 6 SYSTEMPATH/CodeIgniter.php(354): CodeIgniter\CodeIgniter->handleRequest(null, Object(Config\Cache), false)
 7 SYSTEMPATH/Boot.php(363): CodeIgniter\CodeIgniter->run()
 8 SYSTEMPATH/Boot.php(68): CodeIgniter\Boot::runCodeIgniter(Object(CodeIgniter\CodeIgniter))
 9 FCPATH/index.php(59): CodeIgniter\Boot::bootWeb(Object(Config\Paths))
CRITICAL - 2025-10-14 04:23:03 --> Error: Call to undefined method CodeIgniter\Router\RouteCollection::setDefaultControllr()
[Method: GET, Route: home/index]
in APPPATH/Config/Routes.php on line 10.
 1 SYSTEMPATH/Router/RouteCollection.php(339): require()
 2 SYSTEMPATH/CodeIgniter.php(821): CodeIgniter\Router\RouteCollection->loadRoutes()
 3 SYSTEMPATH/CodeIgniter.php(455): CodeIgniter\CodeIgniter->tryToRouteIt(null)
 4 SYSTEMPATH/CodeIgniter.php(354): CodeIgniter\CodeIgniter->handleRequest(null, Object(Config\Cache), false)
 5 SYSTEMPATH/Boot.php(363): CodeIgniter\CodeIgniter->run()
 6 SYSTEMPATH/Boot.php(68): CodeIgniter\Boot::runCodeIgniter(Object(CodeIgniter\CodeIgniter))
 7 FCPATH/index.php(59): CodeIgniter\Boot::bootWeb(Object(Config\Paths))
CRITICAL - 2025-10-14 04:24:25 --> Error: Call to undefined method CodeIgniter\Router\RouteCollection::setDefaultControllr()
[Method: GET, Route: home/index]
in APPPATH/Config/Routes.php on line 10.
 1 SYSTEMPATH/Router/RouteCollection.php(339): require()
 2 SYSTEMPATH/CodeIgniter.php(821): CodeIgniter\Router\RouteCollection->loadRoutes()
 3 SYSTEMPATH/CodeIgniter.php(455): CodeIgniter\CodeIgniter->tryToRouteIt(null)
 4 SYSTEMPATH/CodeIgniter.php(354): CodeIgniter\CodeIgniter->handleRequest(null, Object(Config\Cache), false)
 5 SYSTEMPATH/Boot.php(363): CodeIgniter\CodeIgniter->run()
 6 SYSTEMPATH/Boot.php(68): CodeIgniter\Boot::runCodeIgniter(Object(CodeIgniter\CodeIgniter))
 7 FCPATH/index.php(59): CodeIgniter\Boot::bootWeb(Object(Config\Paths))
CRITICAL - 2025-10-14 04:25:04 --> Error: Call to undefined method CodeIgniter\Router\RouteCollection::setDefaultControllr()
[Method: GET, Route: home/index]
in APPPATH/Config/Routes.php on line 10.
 1 SYSTEMPATH/Router/RouteCollection.php(339): require()
 2 SYSTEMPATH/CodeIgniter.php(821): CodeIgniter\Router\RouteCollection->loadRoutes()
 3 SYSTEMPATH/CodeIgniter.php(455): CodeIgniter\CodeIgniter->tryToRouteIt(null)
 4 SYSTEMPATH/CodeIgniter.php(354): CodeIgniter\CodeIgniter->handleRequest(null, Object(Config\Cache), false)
 5 SYSTEMPATH/Boot.php(363): CodeIgniter\CodeIgniter->run()
 6 SYSTEMPATH/Boot.php(68): CodeIgniter\Boot::runCodeIgniter(Object(CodeIgniter\CodeIgniter))
 7 FCPATH/index.php(59): CodeIgniter\Boot::bootWeb(Object(Config\Paths))
CRITICAL - 2025-10-14 04:25:17 --> Error: Call to undefined method CodeIgniter\Router\RouteCollection::setDefaulMethod()
[Method: GET, Route: home/index]
in APPPATH/Config/Routes.php on line 11.
 1 SYSTEMPATH/Router/RouteCollection.php(339): require()
 2 SYSTEMPATH/CodeIgniter.php(821): CodeIgniter\Router\RouteCollection->loadRoutes()
 3 SYSTEMPATH/CodeIgniter.php(455): CodeIgniter\CodeIgniter->tryToRouteIt(null)
 4 SYSTEMPATH/CodeIgniter.php(354): CodeIgniter\CodeIgniter->handleRequest(null, Object(Config\Cache), false)
 5 SYSTEMPATH/Boot.php(363): CodeIgniter\CodeIgniter->run()
 6 SYSTEMPATH/Boot.php(68): CodeIgniter\Boot::runCodeIgniter(Object(CodeIgniter\CodeIgniter))
 7 FCPATH/index.php(59): CodeIgniter\Boot::bootWeb(Object(Config\Paths))
CRITICAL - 2025-10-14 04:26:02 --> Error: Call to undefined method CodeIgniter\Router\RouteCollection::setTranslateURLDashes()
[Method: GET, Route: home/index]
in APPPATH/Config/Routes.php on line 12.
 1 SYSTEMPATH/Router/RouteCollection.php(339): require()
 2 SYSTEMPATH/CodeIgniter.php(821): CodeIgniter\Router\RouteCollection->loadRoutes()
 3 SYSTEMPATH/CodeIgniter.php(455): CodeIgniter\CodeIgniter->tryToRouteIt(null)
 4 SYSTEMPATH/CodeIgniter.php(354): CodeIgniter\CodeIgniter->handleRequest(null, Object(Config\Cache), false)
 5 SYSTEMPATH/Boot.php(363): CodeIgniter\CodeIgniter->run()
 6 SYSTEMPATH/Boot.php(68): CodeIgniter\Boot::runCodeIgniter(Object(CodeIgniter\CodeIgniter))
 7 FCPATH/index.php(59): CodeIgniter\Boot::bootWeb(Object(Config\Paths))
CRITICAL - 2025-10-14 04:27:35 --> ParseError: syntax error, unexpected token ","
[Method: GET, Route: home/index]
in APPPATH/Config/Routes.php on line 10.
 1 SYSTEMPATH/CodeIgniter.php(821): CodeIgniter\Router\RouteCollection->loadRoutes()
 2 SYSTEMPATH/CodeIgniter.php(455): CodeIgniter\CodeIgniter->tryToRouteIt(null)
 3 SYSTEMPATH/CodeIgniter.php(354): CodeIgniter\CodeIgniter->handleRequest(null, Object(Config\Cache), false)
 4 SYSTEMPATH/Boot.php(363): CodeIgniter\CodeIgniter->run()
 5 SYSTEMPATH/Boot.php(68): CodeIgniter\Boot::runCodeIgniter(Object(CodeIgniter\CodeIgniter))
 6 FCPATH/index.php(59): CodeIgniter\Boot::bootWeb(Object(Config\Paths))
CRITICAL - 2025-10-14 04:27:57 --> ArgumentCountError: file_exists() expects exactly 1 argument, 2 given
[Method: GET, Route: home/index]
in APPPATH/Config/Routes.php on line 9.
 1 APPPATH/Config/Routes.php(9): file_exists('/opt/lampp/htdocs/website/system/', 'Config/Routes.php')
 2 SYSTEMPATH/Router/RouteCollection.php(339): require('/opt/lampp/htdocs/website/app/Config/Routes.php')
 3 SYSTEMPATH/CodeIgniter.php(821): CodeIgniter\Router\RouteCollection->loadRoutes()
 4 SYSTEMPATH/CodeIgniter.php(455): CodeIgniter\CodeIgniter->tryToRouteIt(null)
 5 SYSTEMPATH/CodeIgniter.php(354): CodeIgniter\CodeIgniter->handleRequest(null, Object(Config\Cache), false)
 6 SYSTEMPATH/Boot.php(363): CodeIgniter\CodeIgniter->run()
 7 SYSTEMPATH/Boot.php(68): CodeIgniter\Boot::runCodeIgniter(Object(CodeIgniter\CodeIgniter))
 8 FCPATH/index.php(59): CodeIgniter\Boot::bootWeb(Object(Config\Paths))
CRITICAL - 2025-10-14 04:28:30 --> ArgumentCountError: file_exists() expects exactly 1 argument, 2 given
[Method: GET, Route: home/index]
in APPPATH/Config/Routes.php on line 9.
 1 APPPATH/Config/Routes.php(9): file_exists('/opt/lampp/htdocs/website/system/', 'Config/Routes.php')
 2 SYSTEMPATH/Router/RouteCollection.php(339): require('/opt/lampp/htdocs/website/app/Config/Routes.php')
 3 SYSTEMPATH/CodeIgniter.php(821): CodeIgniter\Router\RouteCollection->loadRoutes()
 4 SYSTEMPATH/CodeIgniter.php(455): CodeIgniter\CodeIgniter->tryToRouteIt(null)
 5 SYSTEMPATH/CodeIgniter.php(354): CodeIgniter\CodeIgniter->handleRequest(null, Object(Config\Cache), false)
 6 SYSTEMPATH/Boot.php(363): CodeIgniter\CodeIgniter->run()
 7 SYSTEMPATH/Boot.php(68): CodeIgniter\Boot::runCodeIgniter(Object(CodeIgniter\CodeIgniter))
 8 FCPATH/index.php(59): CodeIgniter\Boot::bootWeb(Object(Config\Paths))
CRITICAL - 2025-10-14 04:33:05 --> Error: Class "Services" not found
[Method: GET, Route: home/index]
in APPPATH/Config/Routes.php on line 3.
 1 SYSTEMPATH/Router/RouteCollection.php(339): require()
 2 SYSTEMPATH/CodeIgniter.php(821): CodeIgniter\Router\RouteCollection->loadRoutes()
 3 SYSTEMPATH/CodeIgniter.php(455): CodeIgniter\CodeIgniter->tryToRouteIt(null)
 4 SYSTEMPATH/CodeIgniter.php(354): CodeIgniter\CodeIgniter->handleRequest(null, Object(Config\Cache), false)
 5 SYSTEMPATH/Boot.php(363): CodeIgniter\CodeIgniter->run()
 6 SYSTEMPATH/Boot.php(68): CodeIgniter\Boot::runCodeIgniter(Object(CodeIgniter\CodeIgniter))
 7 FCPATH/index.php(59): CodeIgniter\Boot::bootWeb(Object(Config\Paths))
CRITICAL - 2025-10-14 04:38:00 --> TypeError: CodeIgniter\Router\RouteCollection::__construct(): Argument #3 ($routing) must be of type Config\Routing, null given, called in /opt/lampp/htdocs/website/system/Config/Services.php on line 622
[Method: GET, Route: home/index]
in SYSTEMPATH/Router/RouteCollection.php on line 280.
 1 SYSTEMPATH/Config/Services.php(622): CodeIgniter\Router\RouteCollection->__construct(Object(CodeIgniter\Autoloader\FileLocator), Object(Config\Modules), null)
 2 SYSTEMPATH/Config/BaseService.php(312): CodeIgniter\Config\Services::routes(false)
 3 SYSTEMPATH/Config/BaseService.php(251): CodeIgniter\Config\BaseService::__callStatic('routes', [...])
 4 SYSTEMPATH/Config/Services.php(619): CodeIgniter\Config\BaseService::getSharedInstance('routes')
 5 SYSTEMPATH/Config/BaseService.php(321): CodeIgniter\Config\Services::routes()
 6 SYSTEMPATH/Config/BaseService.php(202): CodeIgniter\Config\BaseService::__callStatic('routes', [])
 7 SYSTEMPATH/Common.php(995): CodeIgniter\Config\BaseService::get('routes')
 8 APPPATH/Config/Events.php(50): service('routes')
 9 SYSTEMPATH/Events/Events.php(152): CodeIgniter\Events\Events::Config\{closure}()
10 SYSTEMPATH/CodeIgniter.php(339): CodeIgniter\Events\Events::trigger('pre_system')
11 SYSTEMPATH/Boot.php(363): CodeIgniter\CodeIgniter->run()
12 SYSTEMPATH/Boot.php(68): CodeIgniter\Boot::runCodeIgniter(Object(CodeIgniter\CodeIgniter))
13 FCPATH/index.php(59): CodeIgniter\Boot::bootWeb(Object(Config\Paths))
CRITICAL - 2025-10-14 04:39:37 --> TypeError: CodeIgniter\Router\RouteCollection::__construct(): Argument #3 ($routing) must be of type Config\Routing, null given, called in /opt/lampp/htdocs/website/system/Config/Services.php on line 622
[Method: GET, Route: home/index]
in SYSTEMPATH/Router/RouteCollection.php on line 280.
 1 SYSTEMPATH/Config/Services.php(622): CodeIgniter\Router\RouteCollection->__construct(Object(CodeIgniter\Autoloader\FileLocator), Object(Config\Modules), null)
 2 SYSTEMPATH/Config/BaseService.php(312): CodeIgniter\Config\Services::routes(false)
 3 SYSTEMPATH/Config/BaseService.php(251): CodeIgniter\Config\BaseService::__callStatic('routes', [...])
 4 SYSTEMPATH/Config/Services.php(619): CodeIgniter\Config\BaseService::getSharedInstance('routes')
 5 SYSTEMPATH/Config/BaseService.php(321): CodeIgniter\Config\Services::routes()
 6 SYSTEMPATH/Config/BaseService.php(202): CodeIgniter\Config\BaseService::__callStatic('routes', [])
 7 SYSTEMPATH/Common.php(995): CodeIgniter\Config\BaseService::get('routes')
 8 APPPATH/Config/Events.php(50): service('routes')
 9 SYSTEMPATH/Events/Events.php(152): CodeIgniter\Events\Events::Config\{closure}()
10 SYSTEMPATH/CodeIgniter.php(339): CodeIgniter\Events\Events::trigger('pre_system')
11 SYSTEMPATH/Boot.php(363): CodeIgniter\CodeIgniter->run()
12 SYSTEMPATH/Boot.php(68): CodeIgniter\Boot::runCodeIgniter(Object(CodeIgniter\CodeIgniter))
13 FCPATH/index.php(59): CodeIgniter\Boot::bootWeb(Object(Config\Paths))
