CRITICAL - 2025-10-17 00:42:58 --> ParseError: syntax error, unexpected single-quoted string "hostname", expecting "]"
[Method: CLI, Route: migrate]
in APPPATH/Config/Database.php on line 29.
 1 SYSTEMPATH/Autoloader/Autoloader.php(295): CodeIgniter\Autoloader\Autoloader->includeFile()
 2 SYSTEMPATH/Autoloader/Autoloader.php(271): CodeIgniter\Autoloader\Autoloader->loadInNamespace()
 3 [internal function]: CodeIgniter\Autoloader\Autoloader->loadClass()
 4 SYSTEMPATH/Config/Factories.php(298): class_exists()
 5 SYSTEMPATH/Config/Factories.php(217): CodeIgniter\Config\Factories::locateClass()
 6 SYSTEMPATH/Config/Factories.php(160): CodeIgniter\Config\Factories::getDefinedInstance()
 7 SYSTEMPATH/Config/Factories.php(189): CodeIgniter\Config\Factories::__callStatic()
 8 SYSTEMPATH/Common.php(208): CodeIgniter\Config\Factories::get()
 9 SYSTEMPATH/Database/MigrationRunner.php(143): config()
10 SYSTEMPATH/Config/Services.php(421): CodeIgniter\Database\MigrationRunner->__construct()
11 SYSTEMPATH/Config/BaseService.php(312): CodeIgniter\Config\Services::migrations()
12 SYSTEMPATH/Config/BaseService.php(251): CodeIgniter\Config\BaseService::__callStatic()
13 SYSTEMPATH/Config/Services.php(416): CodeIgniter\Config\BaseService::getSharedInstance()
14 SYSTEMPATH/Config/BaseService.php(321): CodeIgniter\Config\Services::migrations()
15 SYSTEMPATH/Config/BaseService.php(202): CodeIgniter\Config\BaseService::__callStatic()
16 SYSTEMPATH/Common.php(995): CodeIgniter\Config\BaseService::get()
17 SYSTEMPATH/Commands/Database/Migrate.php(70): service()
18 SYSTEMPATH/CLI/Commands.php(74): CodeIgniter\Commands\Database\Migrate->run()
19 SYSTEMPATH/CLI/Console.php(47): CodeIgniter\CLI\Commands->run()
20 SYSTEMPATH/Boot.php(388): CodeIgniter\CLI\Console->run()
21 SYSTEMPATH/Boot.php(133): CodeIgniter\Boot::runCommand()
22 ROOTPATH/spark(87): CodeIgniter\Boot::bootSpark()
CRITICAL - 2025-10-17 03:05:13 --> ParseError: syntax error, unexpected single-quoted string "hostname", expecting "]"
[Method: CLI, Route: migrate]
in APPPATH/Config/Database.php on line 29.
 1 SYSTEMPATH/Autoloader/Autoloader.php(295): CodeIgniter\Autoloader\Autoloader->includeFile()
 2 SYSTEMPATH/Autoloader/Autoloader.php(271): CodeIgniter\Autoloader\Autoloader->loadInNamespace()
 3 [internal function]: CodeIgniter\Autoloader\Autoloader->loadClass()
 4 SYSTEMPATH/Config/Factories.php(298): class_exists()
 5 SYSTEMPATH/Config/Factories.php(217): CodeIgniter\Config\Factories::locateClass()
 6 SYSTEMPATH/Config/Factories.php(160): CodeIgniter\Config\Factories::getDefinedInstance()
 7 SYSTEMPATH/Config/Factories.php(189): CodeIgniter\Config\Factories::__callStatic()
 8 SYSTEMPATH/Common.php(208): CodeIgniter\Config\Factories::get()
 9 SYSTEMPATH/Database/MigrationRunner.php(143): config()
10 SYSTEMPATH/Config/Services.php(421): CodeIgniter\Database\MigrationRunner->__construct()
11 SYSTEMPATH/Config/BaseService.php(312): CodeIgniter\Config\Services::migrations()
12 SYSTEMPATH/Config/BaseService.php(251): CodeIgniter\Config\BaseService::__callStatic()
13 SYSTEMPATH/Config/Services.php(416): CodeIgniter\Config\BaseService::getSharedInstance()
14 SYSTEMPATH/Config/BaseService.php(321): CodeIgniter\Config\Services::migrations()
15 SYSTEMPATH/Config/BaseService.php(202): CodeIgniter\Config\BaseService::__callStatic()
16 SYSTEMPATH/Common.php(995): CodeIgniter\Config\BaseService::get()
17 SYSTEMPATH/Commands/Database/Migrate.php(70): service()
18 SYSTEMPATH/CLI/Commands.php(74): CodeIgniter\Commands\Database\Migrate->run()
19 SYSTEMPATH/CLI/Console.php(47): CodeIgniter\CLI\Commands->run()
20 SYSTEMPATH/Boot.php(388): CodeIgniter\CLI\Console->run()
21 SYSTEMPATH/Boot.php(133): CodeIgniter\Boot::runCommand()
22 ROOTPATH/spark(87): CodeIgniter\Boot::bootSpark()
CRITICAL - 2025-10-17 03:29:06 --> ParseError: syntax error, unexpected single-quoted string "hostname", expecting "]"
[Method: CLI, Route: migrate]
in APPPATH/Config/Database.php on line 29.
 1 SYSTEMPATH/Autoloader/Autoloader.php(295): CodeIgniter\Autoloader\Autoloader->includeFile()
 2 SYSTEMPATH/Autoloader/Autoloader.php(271): CodeIgniter\Autoloader\Autoloader->loadInNamespace()
 3 [internal function]: CodeIgniter\Autoloader\Autoloader->loadClass()
 4 SYSTEMPATH/Config/Factories.php(298): class_exists()
 5 SYSTEMPATH/Config/Factories.php(217): CodeIgniter\Config\Factories::locateClass()
 6 SYSTEMPATH/Config/Factories.php(160): CodeIgniter\Config\Factories::getDefinedInstance()
 7 SYSTEMPATH/Config/Factories.php(189): CodeIgniter\Config\Factories::__callStatic()
 8 SYSTEMPATH/Common.php(208): CodeIgniter\Config\Factories::get()
 9 SYSTEMPATH/Database/MigrationRunner.php(143): config()
10 SYSTEMPATH/Config/Services.php(421): CodeIgniter\Database\MigrationRunner->__construct()
11 SYSTEMPATH/Config/BaseService.php(312): CodeIgniter\Config\Services::migrations()
12 SYSTEMPATH/Config/BaseService.php(251): CodeIgniter\Config\BaseService::__callStatic()
13 SYSTEMPATH/Config/Services.php(416): CodeIgniter\Config\BaseService::getSharedInstance()
14 SYSTEMPATH/Config/BaseService.php(321): CodeIgniter\Config\Services::migrations()
15 SYSTEMPATH/Config/BaseService.php(202): CodeIgniter\Config\BaseService::__callStatic()
16 SYSTEMPATH/Common.php(995): CodeIgniter\Config\BaseService::get()
17 SYSTEMPATH/Commands/Database/Migrate.php(70): service()
18 SYSTEMPATH/CLI/Commands.php(74): CodeIgniter\Commands\Database\Migrate->run()
19 SYSTEMPATH/CLI/Console.php(47): CodeIgniter\CLI\Commands->run()
20 SYSTEMPATH/Boot.php(388): CodeIgniter\CLI\Console->run()
21 SYSTEMPATH/Boot.php(133): CodeIgniter\Boot::runCommand()
22 ROOTPATH/spark(87): CodeIgniter\Boot::bootSpark()
CRITICAL - 2025-10-17 03:30:16 --> ParseError: syntax error, unexpected single-quoted string "hostname", expecting "]"
[Method: CLI, Route: migrate]
in APPPATH/Config/Database.php on line 29.
 1 SYSTEMPATH/Autoloader/Autoloader.php(295): CodeIgniter\Autoloader\Autoloader->includeFile()
 2 SYSTEMPATH/Autoloader/Autoloader.php(271): CodeIgniter\Autoloader\Autoloader->loadInNamespace()
 3 [internal function]: CodeIgniter\Autoloader\Autoloader->loadClass()
 4 SYSTEMPATH/Config/Factories.php(298): class_exists()
 5 SYSTEMPATH/Config/Factories.php(217): CodeIgniter\Config\Factories::locateClass()
 6 SYSTEMPATH/Config/Factories.php(160): CodeIgniter\Config\Factories::getDefinedInstance()
 7 SYSTEMPATH/Config/Factories.php(189): CodeIgniter\Config\Factories::__callStatic()
 8 SYSTEMPATH/Common.php(208): CodeIgniter\Config\Factories::get()
 9 SYSTEMPATH/Database/MigrationRunner.php(143): config()
10 SYSTEMPATH/Config/Services.php(421): CodeIgniter\Database\MigrationRunner->__construct()
11 SYSTEMPATH/Config/BaseService.php(312): CodeIgniter\Config\Services::migrations()
12 SYSTEMPATH/Config/BaseService.php(251): CodeIgniter\Config\BaseService::__callStatic()
13 SYSTEMPATH/Config/Services.php(416): CodeIgniter\Config\BaseService::getSharedInstance()
14 SYSTEMPATH/Config/BaseService.php(321): CodeIgniter\Config\Services::migrations()
15 SYSTEMPATH/Config/BaseService.php(202): CodeIgniter\Config\BaseService::__callStatic()
16 SYSTEMPATH/Common.php(995): CodeIgniter\Config\BaseService::get()
17 SYSTEMPATH/Commands/Database/Migrate.php(70): service()
18 SYSTEMPATH/CLI/Commands.php(74): CodeIgniter\Commands\Database\Migrate->run()
19 SYSTEMPATH/CLI/Console.php(47): CodeIgniter\CLI\Commands->run()
20 SYSTEMPATH/Boot.php(388): CodeIgniter\CLI\Console->run()
21 SYSTEMPATH/Boot.php(133): CodeIgniter\Boot::runCommand()
22 ROOTPATH/spark(87): CodeIgniter\Boot::bootSpark()
ERROR - 2025-10-17 03:31:39 --> Error connecting to the database: mysqli_sql_exception: Unknown database 'website' in /opt/lampp/htdocs/website/system/Database/MySQLi/Connection.php:202
Stack trace:
#0 /opt/lampp/htdocs/website/system/Database/MySQLi/Connection.php(202): mysqli->real_connect()
#1 /opt/lampp/htdocs/website/system/Database/BaseConnection.php(419): CodeIgniter\Database\MySQLi\Connection->connect()
#2 /opt/lampp/htdocs/website/system/Database/BaseConnection.php(614): CodeIgniter\Database\BaseConnection->initialize()
#3 /opt/lampp/htdocs/website/system/Database/BaseConnection.php(1525): CodeIgniter\Database\BaseConnection->query()
#4 /opt/lampp/htdocs/website/system/Database/BaseConnection.php(1545): CodeIgniter\Database\BaseConnection->listTables()
#5 /opt/lampp/htdocs/website/system/Database/MigrationRunner.php(768): CodeIgniter\Database\BaseConnection->tableExists()
#6 /opt/lampp/htdocs/website/system/Database/MigrationRunner.php(162): CodeIgniter\Database\MigrationRunner->ensureTable()
#7 /opt/lampp/htdocs/website/system/Commands/Database/Migrate.php(85): CodeIgniter\Database\MigrationRunner->latest()
#8 /opt/lampp/htdocs/website/system/CLI/Commands.php(74): CodeIgniter\Commands\Database\Migrate->run()
#9 /opt/lampp/htdocs/website/system/CLI/Console.php(47): CodeIgniter\CLI\Commands->run()
#10 /opt/lampp/htdocs/website/system/Boot.php(388): CodeIgniter\CLI\Console->run()
#11 /opt/lampp/htdocs/website/system/Boot.php(133): CodeIgniter\Boot::runCommand()
#12 /opt/lampp/htdocs/website/spark(87): CodeIgniter\Boot::bootSpark()
#13 {main}

Next CodeIgniter\Database\Exceptions\DatabaseException: Unknown database 'website' in /opt/lampp/htdocs/website/system/Database/MySQLi/Connection.php:246
Stack trace:
#0 /opt/lampp/htdocs/website/system/Database/BaseConnection.php(419): CodeIgniter\Database\MySQLi\Connection->connect()
#1 /opt/lampp/htdocs/website/system/Database/BaseConnection.php(614): CodeIgniter\Database\BaseConnection->initialize()
#2 /opt/lampp/htdocs/website/system/Database/BaseConnection.php(1525): CodeIgniter\Database\BaseConnection->query()
#3 /opt/lampp/htdocs/website/system/Database/BaseConnection.php(1545): CodeIgniter\Database\BaseConnection->listTables()
#4 /opt/lampp/htdocs/website/system/Database/MigrationRunner.php(768): CodeIgniter\Database\BaseConnection->tableExists()
#5 /opt/lampp/htdocs/website/system/Database/MigrationRunner.php(162): CodeIgniter\Database\MigrationRunner->ensureTable()
#6 /opt/lampp/htdocs/website/system/Commands/Database/Migrate.php(85): CodeIgniter\Database\MigrationRunner->latest()
#7 /opt/lampp/htdocs/website/system/CLI/Commands.php(74): CodeIgniter\Commands\Database\Migrate->run()
#8 /opt/lampp/htdocs/website/system/CLI/Console.php(47): CodeIgniter\CLI\Commands->run()
#9 /opt/lampp/htdocs/website/system/Boot.php(388): CodeIgniter\CLI\Console->run()
#10 /opt/lampp/htdocs/website/system/Boot.php(133): CodeIgniter\Boot::runCommand()
#11 /opt/lampp/htdocs/website/spark(87): CodeIgniter\Boot::bootSpark()
#12 {main}
CRITICAL - 2025-10-17 05:19:05 --> ParseError: syntax error, unexpected single-quoted string "index"
[Method: CLI, Route: cache:clear]
in APPPATH/Config/Routes.php on line 21.
 1 SYSTEMPATH/CLI/Console.php(41): CodeIgniter\Router\RouteCollection->loadRoutes()
 2 SYSTEMPATH/Boot.php(388): CodeIgniter\CLI\Console->run()
 3 SYSTEMPATH/Boot.php(133): CodeIgniter\Boot::runCommand()
 4 ROOTPATH/spark(87): CodeIgniter\Boot::bootSpark()
CRITICAL - 2025-10-17 05:20:35 --> ReflectionException: Class "App\Controllers\Migration" does not exist
[Method: CLI, Route: routes]
in SYSTEMPATH/Commands/Utilities/Routes/AutoRouterImproved/ControllerMethodReader.php on line 52.
 1 SYSTEMPATH/Commands/Utilities/Routes/AutoRouterImproved/ControllerMethodReader.php(52): ReflectionClass->__construct()
 2 SYSTEMPATH/Commands/Utilities/Routes/AutoRouterImproved/AutoRouteCollector.php(62): CodeIgniter\Commands\Utilities\Routes\AutoRouterImproved\ControllerMethodReader->read()
 3 SYSTEMPATH/Commands/Utilities/Routes.php(139): CodeIgniter\Commands\Utilities\Routes\AutoRouterImproved\AutoRouteCollector->get()
 4 SYSTEMPATH/CLI/Commands.php(74): CodeIgniter\Commands\Utilities\Routes->run()
 5 SYSTEMPATH/CLI/Console.php(47): CodeIgniter\CLI\Commands->run()
 6 SYSTEMPATH/Boot.php(388): CodeIgniter\CLI\Console->run()
 7 SYSTEMPATH/Boot.php(133): CodeIgniter\Boot::runCommand()
 8 ROOTPATH/spark(87): CodeIgniter\Boot::bootSpark()
